
> squintscale@0.0.0 build
> tsc -b && vite build

src/App.tsx(15,11): error TS6133: 'isAuthenticated' is declared but its value is never read.
src/components/ImageComparison.tsx(2,1): error TS6133: 'motion' is declared but its value is never read.
src/components/ScoreGauge.tsx(33,9): error TS6133: 'getGlow' is declared but its value is never read.
src/lib/analysisEngine.ts(7,3): error TS6196: 'PresetConfig' is declared but never used.
src/lib/analysisEngine.ts(8,3): error TS6196: 'PRESET_CONFIGS' is declared but never used.
src/lib/analysisEngine.ts(32,32): error TS6133: 'reject' is declared but its value is never read.
src/pages/LoginPage.tsx(4,15): error TS6133: 'Mail' is declared but its value is never read.
src/pages/LoginPage.tsx(4,21): error TS6133: 'Lock' is declared but its value is never read.
src/pages/LoginPage.tsx(4,27): error TS6133: 'LogIn' is declared but its value is never read.
src/pages/RegisterPage.tsx(4,15): error TS6133: 'Mail' is declared but its value is never read.
src/pages/RegisterPage.tsx(4,21): error TS6133: 'Lock' is declared but its value is never read.
src/pages/RegisterPage.tsx(4,27): error TS6133: 'User' is declared but its value is never read.
src/pages/ResultsPage.tsx(3,1): error TS6133: 'motion' is declared but its value is never read.
